 gcc -g p8original.c
 gdb a.out
GNU gdb (Ubuntu 8.1.1-0ubuntu1) 8.1.1
Copyright (C) 2018 Free Software Foundation, Inc.
License GPLv3+: GNU GPL version 3 or later <http://gnu.org/licenses/gpl.html>
This is free software: you are free to change and redistribute it.
There is NO WARRANTY, to the extent permitted by law.  Type "show copying"
and "show warranty" for details.
This GDB was configured as "x86_64-linux-gnu".
Type "show configuration" for configuration details.
For bug reporting instructions, please see:
<http://www.gnu.org/software/gdb/bugs/>.
Find the GDB manual and other documentation resources online at:
<http://www.gnu.org/software/gdb/documentation/>.
For help, type "help".
Type "apropos word" to search for commands related to "word"...
Reading symbols from a.out...done.
(gdb) b main
Breakpoint 1 at 0xaf9: file p8original.c, line 63.
(gdb) r
Starting program: /home/runner/ppa-IA2-practice2-10/a.out 
warning: Error disabling address space randomization: Operation not permitted

Breakpoint 1, main () at p8original.c:63
63  {
(gdb) n
64    int n = input_n();
(gdb) n
Enter the number of triangles: 
3
65    Triangle t[n];
(gdb) n
66    input_n_triangles(n, t);
(gdb) n
Enter the base, altitude of a triangle:
1.3
1.3
Enter the base, altitude of a triangle:
5
5
Enter the base, altitude of a triangle:
5
5
67    find_areas_n(n, t);
(gdb) n
68    Triangle small = find_smallest_triangle(n, t);
(gdb) n
69    output(n, t, small);
(gdb) n
Smallest among 1.3, 1.3 and
Smallest among 5.0, 5.0 and
5.0, 5.0
is
triangle with base = 1.3 and altitude = 1.3 having area = 0.8
70    return 0;
(gdb) 
71  }
(gdb) c
Continuing.
[Inferior 1 (process 1667) exited normally]
(gdb)